------------------------------------------------------------
TimeQuest Timing Analyzer Summary
------------------------------------------------------------

Type  : Slow 1100mV 85C Model Setup 'rclk'
Slack : -4.105
TNS   : -38.116

Type  : Slow 1100mV 85C Model Setup 'wclk'
Slack : -3.803
TNS   : -36.724

Type  : Slow 1100mV 85C Model Hold 'wclk'
Slack : 0.427
TNS   : 0.000

Type  : Slow 1100mV 85C Model Hold 'rclk'
Slack : 0.450
TNS   : 0.000

Type  : Slow 1100mV 85C Model Minimum Pulse Width 'wclk'
Slack : -3.166
TNS   : -86.406

Type  : Slow 1100mV 85C Model Minimum Pulse Width 'rclk'
Slack : -3.166
TNS   : -53.600

Type  : Slow 1100mV 0C Model Setup 'rclk'
Slack : -4.211
TNS   : -38.212

Type  : Slow 1100mV 0C Model Setup 'wclk'
Slack : -3.765
TNS   : -36.883

Type  : Slow 1100mV 0C Model Hold 'rclk'
Slack : 0.450
TNS   : 0.000

Type  : Slow 1100mV 0C Model Hold 'wclk'
Slack : 0.506
TNS   : 0.000

Type  : Slow 1100mV 0C Model Minimum Pulse Width 'wclk'
Slack : -3.166
TNS   : -86.290

Type  : Slow 1100mV 0C Model Minimum Pulse Width 'rclk'
Slack : -3.166
TNS   : -54.185

Type  : Fast 1100mV 85C Model Setup 'rclk'
Slack : -1.048
TNS   : -5.152

Type  : Fast 1100mV 85C Model Setup 'wclk'
Slack : -0.920
TNS   : -5.048

Type  : Fast 1100mV 85C Model Hold 'wclk'
Slack : 0.158
TNS   : 0.000

Type  : Fast 1100mV 85C Model Hold 'rclk'
Slack : 0.179
TNS   : 0.000

Type  : Fast 1100mV 85C Model Minimum Pulse Width 'wclk'
Slack : -2.174
TNS   : -42.054

Type  : Fast 1100mV 85C Model Minimum Pulse Width 'rclk'
Slack : -2.174
TNS   : -20.361

Type  : Fast 1100mV 0C Model Setup 'rclk'
Slack : -0.911
TNS   : -4.448

Type  : Fast 1100mV 0C Model Setup 'wclk'
Slack : -0.794
TNS   : -4.132

Type  : Fast 1100mV 0C Model Hold 'rclk'
Slack : 0.139
TNS   : 0.000

Type  : Fast 1100mV 0C Model Hold 'wclk'
Slack : 0.140
TNS   : 0.000

Type  : Fast 1100mV 0C Model Minimum Pulse Width 'wclk'
Slack : -2.174
TNS   : -42.082

Type  : Fast 1100mV 0C Model Minimum Pulse Width 'rclk'
Slack : -2.174
TNS   : -20.423

------------------------------------------------------------
